apiVersion: v1
kind: Namespace
metadata:
  creationTimestamp: null
  labels:
    app.kubernetes.io/managed-by: prometheus-meta-operator
  name: bob-prometheus
spec: {}
status: {}
