metadata:
  creationTimestamp: null
  name: agent-remote-write
  namespace: baz-prometheus
type: Opaque
