metadata:
  creationTimestamp: null
  labels:
    app.kubernetes.io/instance: bob
    app.kubernetes.io/managed-by: prometheus-meta-operator
    app.kubernetes.io/name: prometheus
  name: prometheus
  namespace: bob-prometheus
spec:
  resourcePolicy:
    containerPolicies:
    - containerName: prometheus
      controlledValues: RequestsAndLimits
      maxAllowed:
        memory: "9"
      minAllowed:
        cpu: 100m
        memory: "1073741824"
      mode: Auto
    - containerName: prometheus-config-reloader
      mode: "Off"
    - containerName: rules-configmap-reloader
      mode: "Off"
  targetRef:
    apiVersion: apps/v1
    kind: StatefulSet
    name: prometheus-bob
  updatePolicy:
    updateMode: Auto
status: {}
