metadata:
  creationTimestamp: null
  labels:
    app.kubernetes.io/instance: foo
    app.kubernetes.io/managed-by: prometheus-meta-operator
    app.kubernetes.io/name: prometheus
  name: prometheus
  namespace: foo-prometheus
spec:
  resourcePolicy:
    containerPolicies:
    - containerName: prometheus
      controlledValues: RequestsAndLimits
      maxAllowed:
        memory: "9"
      mode: Auto
    - containerName: prometheus-config-reloader
      mode: "Off"
    - containerName: rules-configmap-reloader
      mode: "Off"
  targetRef:
    apiVersion: apps/v1
    kind: StatefulSet
    name: prometheus-foo
  updatePolicy:
    updateMode: Auto
status: {}
