<<<<<<< HEAD
apiVersion: v1beta1
kind: Ingress
metadata:
  annotations:
    nginx.ingress.kubernetes.io/auth-realm: Authentication Required
    nginx.ingress.kubernetes.io/auth-secret: agent-remote-write
    nginx.ingress.kubernetes.io/auth-type: basic
  creationTimestamp: null
  labels:
    app.kubernetes.io/instance: alice
    app.kubernetes.io/managed-by: prometheus-meta-operator
    app.kubernetes.io/name: prometheus
    giantswarm.io/cluster: alice
  name: prometheus-alice-remote-write
  namespace: alice-prometheus
spec:
  rules:
  - host: https://prometheus
    http:
      paths:
      - backend:
          serviceName: prometheus-operated
          servicePort: 9090
        path: /alice/api/v1/write
=======
metadata:
  creationTimestamp: null
spec: {}
>>>>>>> 4c0e2cd (Add remote write ingress boilerplate (#999))
status:
  loadBalancer: {}
