<<<<<<< HEAD
<<<<<<< HEAD
apiVersion: v1beta1
kind: Ingress
metadata:
  annotations:
    nginx.ingress.kubernetes.io/auth-realm: Authentication Required
    nginx.ingress.kubernetes.io/auth-secret: agent-remote-write
    nginx.ingress.kubernetes.io/auth-type: basic
  creationTimestamp: null
  labels:
    app.kubernetes.io/instance: foo
    app.kubernetes.io/managed-by: prometheus-meta-operator
    app.kubernetes.io/name: prometheus
    giantswarm.io/cluster: foo
  name: prometheus-foo-remote-write
  namespace: foo-prometheus
spec:
  rules:
  - host: https://prometheus
    http:
      paths:
      - backend:
          serviceName: prometheus-operated
          servicePort: 9090
        path: /foo/api/v1/write
=======
=======
apiVersion: v1beta1
kind: Ingress
>>>>>>> fc132ee (Configure remote write ingress secret)
metadata:
  annotations:
    nginx.ingress.kubernetes.io/auth-realm: Authentication Required
    nginx.ingress.kubernetes.io/auth-secret: agent-remote-write
    nginx.ingress.kubernetes.io/auth-type: basic
  creationTimestamp: null
<<<<<<< HEAD
spec: {}
>>>>>>> c694320 (Add remote write ingress boilerplate)
=======
  labels:
    app.kubernetes.io/instance: foo
    app.kubernetes.io/managed-by: prometheus-meta-operator
    app.kubernetes.io/name: prometheus
    giantswarm.io/cluster: foo
  name: prometheus-foo-remote-write
  namespace: foo-prometheus
spec:
  rules:
  - host: https://prometheus
    http:
      paths:
      - backend:
          serviceName: prometheus-operated
          servicePort: 9090
        path: /foo/api/v1/write
>>>>>>> fc132ee (Configure remote write ingress secret)
status:
  loadBalancer: {}
