data:
  password: cGFzc3dvcmQ=
  username: YmF6
metadata:
  creationTimestamp: null
  labels:
    app.kubernetes.io/instance: baz
    app.kubernetes.io/managed-by: prometheus-meta-operator
    app.kubernetes.io/name: prometheus
    giantswarm.io/cluster: baz
  name: remote-write-api-endpoint
  namespace: baz
type: Opaque
