<<<<<<< HEAD
<<<<<<< HEAD
apiVersion: v1
kind: Ingress
metadata:
  annotations:
    nginx.ingress.kubernetes.io/auth-realm: Authentication Required
    nginx.ingress.kubernetes.io/auth-secret: agent-remote-write
    nginx.ingress.kubernetes.io/auth-type: basic
  creationTimestamp: null
  labels:
    app.kubernetes.io/instance: bar
    app.kubernetes.io/managed-by: prometheus-meta-operator
    app.kubernetes.io/name: prometheus
    giantswarm.io/cluster: bar
  name: prometheus-bar-remote-write
  namespace: bar-prometheus
spec:
  ingressClassName: nginx
  rules:
  - host: https://prometheus
    http:
      paths:
      - backend:
          service:
            name: prometheus-operated
            port:
              number: 9090
        path: /bar/api/v1/write
        pathType: ImplementationSpecific
=======
=======
apiVersion: v1
kind: Ingress
>>>>>>> fc132ee (Configure remote write ingress secret)
metadata:
  annotations:
    nginx.ingress.kubernetes.io/auth-realm: Authentication Required
    nginx.ingress.kubernetes.io/auth-secret: agent-remote-write
    nginx.ingress.kubernetes.io/auth-type: basic
  creationTimestamp: null
<<<<<<< HEAD
spec: {}
>>>>>>> c694320 (Add remote write ingress boilerplate)
=======
  labels:
    app.kubernetes.io/instance: bar
    app.kubernetes.io/managed-by: prometheus-meta-operator
    app.kubernetes.io/name: prometheus
    giantswarm.io/cluster: bar
  name: prometheus-bar-remote-write
  namespace: bar-prometheus
spec:
  ingressClassName: nginx
  rules:
  - host: https://prometheus
    http:
      paths:
      - backend:
          service:
            name: prometheus-operated
            port:
              number: 9090
        path: /bar/api/v1/write
        pathType: ImplementationSpecific
>>>>>>> fc132ee (Configure remote write ingress secret)
status:
  loadBalancer: {}
