apiVersion: v1
kind: Ingress
metadata:
  annotations:
    nginx.ingress.kubernetes.io/auth-realm: Authentication Required
    nginx.ingress.kubernetes.io/auth-secret: remote-write-ingress-auth
    nginx.ingress.kubernetes.io/auth-type: basic
    nginx.ingress.kubernetes.io/client-body-buffer-size: 1M
  creationTimestamp: null
  labels:
    app.kubernetes.io/instance: foo
    app.kubernetes.io/managed-by: prometheus-meta-operator
    app.kubernetes.io/name: prometheus
    giantswarm.io/cluster: foo
  name: prometheus-foo-remote-write
  namespace: foo-prometheus
spec:
  ingressClassName: nginx
  rules:
  - host: https://prometheus
    http:
      paths:
      - backend:
          service:
            name: prometheus-operated
            port:
              number: 9090
        path: /foo/api/v1/write
        pathType: ImplementationSpecific
status:
  loadBalancer: {}
