apiVersion: v1
kind: Namespace
metadata:
  creationTimestamp: null
  labels:
    app.kubernetes.io/instance: gcp-sample
    app.kubernetes.io/managed-by: prometheus-meta-operator
    app.kubernetes.io/name: prometheus
    giantswarm.io/cluster: gcp-sample
  name: gcp-sample-prometheus
spec: {}
status: {}
