metadata:
  creationTimestamp: null
  labels:
    app.kubernetes.io/instance: alertmanager
    app.kubernetes.io/managed-by: prometheus-meta-operator
    app.kubernetes.io/name: alertmanager
  name: alice
  namespace: alice-prometheus
spec:
  receivers:
  - name: heartbeat_test-installation_alice
    webhookConfigs:
    - httpConfig:
        basicAuth:
          password:
            key: opsgenie.key
            name: alertmanager-secret
          username:
            key: ""
      sendResolved: false
      url: https://api.opsgenie.com/v2/heartbeats/test-installation-alice/ping
  route:
    groupInterval: 30s
    groupWait: 5m
    matchers:
    - name: cluster_id
      value: alice
    - name: installation
      value: test-installation
    - name: type
      value: heartbeat
    receiver: heartbeat_test-installation_alice
    repeatInterval: 1m
