data:
  password: dGVzdA==
  username: dGVzdA==
metadata:
  creationTimestamp: null
  name: remote-write
  namespace: kubernetes-prometheus
type: Opaque
