data:
  auth: YWxpY2U6ZW5jcnlwdGVk
  password: cGFzc3dvcmQ=
  username: YWxpY2U=
metadata:
  creationTimestamp: null
  name: agent-remote-write
  namespace: alice-prometheus
type: Opaque
