metadata:
  creationTimestamp: null
  labels:
    app.kubernetes.io/instance: alice
    app.kubernetes.io/managed-by: prometheus-meta-operator
    app.kubernetes.io/name: prometheus
    giantswarm.io/cluster: alice
  name: prometheus
  namespace: alice-prometheus
spec:
  resourcePolicy:
    containerPolicies:
    - containerName: prometheus
      controlledValues: RequestsAndLimits
      maxAllowed:
        cpu: "4"
        memory: 7500m
      minAllowed:
        cpu: 100m
        memory: "1073741824"
      mode: Auto
    - containerName: prometheus-config-reloader
      mode: "Off"
    - containerName: rules-configmap-reloader
      mode: "Off"
  targetRef:
    apiVersion: apps/v1
    kind: StatefulSet
    name: prometheus-alice
  updatePolicy:
    updateMode: Auto
status: {}
