apiVersion: v1
kind: Ingress
metadata:
  annotations:
    nginx.ingress.kubernetes.io/auth-realm: Authentication Required
    nginx.ingress.kubernetes.io/auth-secret: remote-write-ingress-auth
    nginx.ingress.kubernetes.io/auth-type: basic
    nginx.ingress.kubernetes.io/client-body-buffer-size: 50m
    nginx.ingress.kubernetes.io/proxy-body-size: 50m
  creationTimestamp: null
  labels:
    app.kubernetes.io/instance: baz
    app.kubernetes.io/managed-by: prometheus-meta-operator
    app.kubernetes.io/name: prometheus
    giantswarm.io/cluster: baz
  name: prometheus-baz-remote-write
  namespace: baz-prometheus
spec:
  ingressClassName: nginx
  rules:
  - host: prometheus
    http:
      paths:
      - backend:
          service:
            name: prometheus-operated
            port:
              number: 9090
        path: /baz/api/v1/write
        pathType: ImplementationSpecific
status:
  loadBalancer: {}
