apiVersion: cluster.x-k8s.io/v1beta1
kind: Cluster
metadata:
  name: gcp-sample
  namespace: org-my-organization
spec:
  controlPlaneEndpoint:
    host: master.gcp-sample
    port: 443
  infrastructureRef:
    kind: GCPCluster
