apiVersion: cluster.x-k8s.io/v1beta1
kind: Cluster
metadata:
  name: eks-sample
  namespace: org-my-organization
spec:
  controlPlaneEndpoint:
    host: master.eks-sample
    port: 443
  infrastructureRef:
    kind: AWSManagedCluster
