- static_configs:
  - targets:
    - alertmanager.monitoring:9093
  scheme: http
  timeout: 10s
  api_version: v2
