- static_configs:
  - targets:
    - alertmanager-operated.monitoring:9093	
  scheme: http
  timeout: 10s
  api_version: v2
