remote_read: true
remote_read_path: api/v1/read
http_client:
  dial_timeout: 200ms
scheme: http
labels:
  cluster_id: foo
  installation: test-installation
  provider: kvm
relabel_configs:
- source_labels: [__meta_kubernetes_pod_label_app_kubernetes_io_managed_by, __meta_kubernetes_pod_label_app_kubernetes_io_name,
    __meta_kubernetes_pod_label_app_kubernetes_io_instance]
  separator: ;
  regex: prometheus-meta-operator;prometheus;foo
  action: keep
kubernetes_sd_configs:
- api_server: https://kubernetes.default:443
  role: pod
  bearer_token_file: /var/run/secrets/kubernetes.io/serviceaccount/token
  tls_config:
    ca_file: /var/run/secrets/kubernetes.io/serviceaccount/ca.crt
    insecure_skip_verify: true
  namespaces:
    names:
    - foo-prometheus
path_prefix: /foo
timeout: 5m0s
ignore_error: true
