apiVersion: v1beta1
kind: Ingress
metadata:
  annotations:
    kubernetes.io/ingress.class: nginx
    nginx.ingress.kubernetes.io/auth-signin: https://$host/oauth2/start?rd=$escaped_request_uri
    nginx.ingress.kubernetes.io/auth-url: https://$host/oauth2/auth
  creationTimestamp: null
  labels:
    app.kubernetes.io/instance: alice
    app.kubernetes.io/managed-by: prometheus-meta-operator
    app.kubernetes.io/name: prometheus
  name: prometheus-alice
  namespace: alice-prometheus
spec:
  rules:
  - host: https://prometheus
    http:
      paths:
      - backend:
          serviceName: prometheus-operated
          servicePort: 9090
        path: /alice
  tls:
  - hosts:
    - https://prometheus
    secretName: prometheus-tls
status:
  loadBalancer: {}
