apiVersion: provider.giantswarm.io/v1alpha1
kind: KVMConfig
metadata:
  name: bar
