apiVersion: cluster.x-k8s.io/v1beta1
kind: Cluster
metadata:
  name: baz
spec:
  controlPlaneEndpoint:
    host: master.baz
    port: 443
