apiVersion: cluster.x-k8s.io/v1alpha2
kind: Cluster
metadata:
  name: alice
